// Vitest Snapshot v1, https://vitest.dev/guide/snapshot.html

exports[`Loading component > renders correctly 1`] = `"<div> loading </div>"`;
